PS C:\WAD-Assignments-master\2C> npm --version
9.6.4
PS C:\WAD-Assignments-master\2C> npm install -g @angular/cli@latest
npm WARN deprecated @npmcli/move-file@2.0.1: This functionality has been moved to @npmcli/fs

added 256 packages in 36s

37 packages are looking for funding
  run `npm fund` for details
npm notice 
npm notice New patch version of npm available! 9.6.4 -> 9.6.7
npm notice Changelog: https://github.com/npm/cli/releases/tag/v9.6.7
npm notice Run npm install -g npm@9.6.7 to update!
npm notice
PS C:\WAD-Assignments-master\2C> ng new part-c
ng : File 
C:\Users\mohit\AppData\Roaming\npm\ng.ps1 cannot  
be loaded because running scripts is disabled on  
this system. For more information, see
about_Execution_Policies at
https:/go.microsoft.com/fwlink/?LinkID=135170.    
At line:1 char:1
+ ng new part-c
+ ~~
    + CategoryInfo          : SecurityError: (:)  
    [], PSSecurityException
    + FullyQualifiedErrorId : UnauthorizedAccess  
PS C:\WAD-Assignments-master\2C> ng new 2c    
ng : File 
C:\Users\mohit\AppData\Roaming\npm\ng.ps1 cannot  
be loaded because running scripts is disabled on  
this system. For more information, see
about_Execution_Policies at
https:/go.microsoft.com/fwlink/?LinkID=135170.    
At line:1 char:1
+ ng new 2c
+ ~~
    + CategoryInfo          : SecurityError: (:) 
    [], PSSecurityException
    + FullyQualifiedErrorId : UnauthorizedAccess  
PS C:\WAD-Assignments-master\2C> ng new 2c
? Would you like to share pseudonymous usage data 
about this project with the Angular Team
at Google under Google's Privacy Policy at        
https://policies.google.com/privacy. For more     
details and how to change this setting, see       
https://angular.io/analytics. Yes

Thank you for sharing pseudonymous usage data. Should you change your mind, the following
command will disable this feature entirely:       

    ng analytics disable --global

Global setting: enabled
Local setting: No local workspace configuration file.
Effective status: enabled
? Would you like to add Angular routing? Yes      
? Which stylesheet format would you like to use?  
CSS
CREATE 2c/angular.json (2680 bytes)
CREATE 2c/package.json (1033 bytes)
CREATE 2c/README.md (1056 bytes)
CREATE 2c/tsconfig.json (901 bytes)
CREATE 2c/.editorconfig (274 bytes)
CREATE 2c/.gitignore (548 bytes)
CREATE 2c/tsconfig.app.json (263 bytes)
CREATE 2c/tsconfig.spec.json (273 bytes)
CREATE 2c/.vscode/extensions.json (130 bytes)     
CREATE 2c/.vscode/launch.json (470 bytes)
CREATE 2c/.vscode/tasks.json (938 bytes)
CREATE 2c/src/main.ts (214 bytes)
CREATE 2c/src/favicon.ico (948 bytes)
CREATE 2c/src/index.html (288 bytes)
CREATE 2c/src/styles.css (80 bytes)
CREATE 2c/src/app/app-routing.module.ts (245 bytes)
CREATE 2c/src/app/app.module.ts (393 bytes)       
CREATE 2c/src/app/app.component.html (23115 bytes)
CREATE 2c/src/app/app.component.spec.ts (979 bytes)
CREATE 2c/src/app/app.component.ts (206 bytes)    
CREATE 2c/src/app/app.component.css (0 bytes)     
CREATE 2c/src/assets/.gitkeep (0 bytes)
✔ Packages installed successfully.
warning: in the working copy of '.editorconfig', LF will be replaced by CRLF the next time Git touches it
warning: in the working copy of '.gitignore', LF will be replaced by CRLF the next time Git touches it
warning: in the working copy of '.vscode/extensions.json', LF will be replaced by CRLF the next time Git touches it
warning: in the working copy of '.vscode/launch.json', LF will be replaced by CRLF the next time Git touches it
warning: in the working copy of '.vscode/tasks.json', LF will be replaced by CRLF the next time Git touches it
warning: in the working copy of 'README.md', LF will be replaced by CRLF the next time Git touches it
warning: in the working copy of 'angular.json', LF will be replaced by CRLF the next time Git touches it
warning: in the working copy of 'package-lock.json', LF will be replaced by CRLF the next time Git touches it
warning: in the working copy of 'package.json', LF will be replaced by CRLF the next time Git touches it
LF will be replaced by CRLF the next time Git touches it
warning: in the working copy of 'tsconfig.app.json', LF will be replaced by CRLF the next time Git touches it
warning: in the working copy of 'tsconfig.json', LF will be replaced by CRLF the next time Git touches it
warning: in the working copy of 'tsconfig.spec.json', LF will be replaced by CRLF the next time Git touches it
    Successfully initialized git.
PS C:\WAD-Assignments-master\2C> ng serve
Error: This command is not available when running the Angular CLI outside a workspace.
PS C:\WAD-Assignments-master\2C> ls


    Directory: C:\WAD-Assignments-master\2C


Mode                 LastWriteTime         Length Name
----                 -------------         ------ ----
d-----        26-05-2023  04:34 AM                2c


PS C:\WAD-Assignments-master\2C> cd 2c
PS C:\WAD-Assignments-master\2C\2c> ng serve
? Would you like to share pseudonymous usage data about this project with the Angular Team
at Google under Google's Privacy Policy at https://policies.google.com/privacy. For more
details and how to change this setting, see https://angular.io/analytics. Yes

Thank you for sharing pseudonymous usage data. Should you change your mind, the following
command will disable this feature entirely:

    ng analytics disable

Global setting: enabled
Local setting: enabled
Effective status: enabled
✔ Browser application bundle generation complete.

Initial Chunk Files   | Names         |  Raw Size
vendor.js             | vendor        |   2.26 MB | 
polyfills.js          | polyfills     | 328.92 kB | 
styles.css, styles.js | styles        | 226.35 kB | 
main.js               | main          |   9.77 kB | 
runtime.js            | runtime       |   6.50 kB | 

                      | Initial Total |   2.82 MB

Build at: 2023-05-25T23:21:37.443Z - Hash: d4da6153132e04de - Time: 9126ms

** Angular Live Development Server is listening on localhost:4200, open your browser on http://localhost:4200/ **


√ Compiled successfully.
✔ Browser application bundle generation complete.

Initial Chunk Files | Names   | Raw Size
main.js             | main    |  9.77 kB | 
runtime.js          | runtime |  6.50 kB | 

3 unchanged chunks

Build at: 2023-05-25T23:22:58.303Z - Hash: 6c2711e670148912 - Time: 403ms

√ Compiled successfully.
